// Jest Snapshot v1, https://goo.gl/fbAQLP

exports[`<Account /> renders correctly 1`] = `
<DocumentFragment>
  <div
    class="loading"
  >
    <div
      class="css-1sadfy4"
    >
      <div
        class="css-1m3n18k"
      />
      <div
        class="css-1l3m8cd"
      />
    </div>
  </div>
</DocumentFragment>
`;
