// Jest Snapshot v1, https://goo.gl/fbAQLP

exports[`Login in the DOM renders 1`] = `
<DocumentFragment>
  <form>
    <fieldset>
      <legend>
        Entrar
      </legend>
      <label
        for="cpf"
      >
        CPF
        <input
          data-testid="cpf"
          id="cpf"
          maxlength="14"
          name="cpf"
          type="text"
          value=""
        />
      </label>
      <label
        for="email"
      >
        E-mail
        <input
          data-testid="email"
          id="email"
          name="email"
          type="email"
          value=""
        />
      </label>
      <label
        for="password"
      >
        Senha
        <input
          data-testid="password"
          id="password"
          name="password"
          type="password"
          value=""
        />
      </label>
      <button
        data-testid="submit"
        type="submit"
      >
        Entrar
      </button>
    </fieldset>
  </form>
</DocumentFragment>
`;
