// Jest Snapshot v1, https://goo.gl/fbAQLP

exports[`Login in the DOM renders 1`] = `
<DocumentFragment>
  <div
    class="wrapper wrapper--row login-bg"
  >
    <main
      class="container container--center"
    >
      <form
        class="login"
      >
        <figure
          class="login__brand"
        >
          <img
            alt="Conta Simples"
            src="logo-conta-simples.svg"
          />
        </figure>
        <fieldset
          class="login__box"
        >
          <legend
            class="login__title"
          >
            Preencha seus dados
          </legend>
          <label
            class="label"
            for="cpf"
          >
            CPF
            <input
              class="input"
              data-testid="cpf"
              id="cpf"
              maxlength="14"
              name="cpf"
              type="text"
              value=""
            />
          </label>
          <label
            class="label"
            for="email"
          >
            E-mail
            <input
              class="input"
              data-testid="email"
              id="email"
              name="email"
              type="email"
              value=""
            />
          </label>
          <label
            class="label"
            for="password"
          >
            Senha
            <input
              class="input"
              data-testid="password"
              id="password"
              name="password"
              type="password"
              value=""
            />
          </label>
          <button
            class="btn"
            data-testid="submit"
            type="submit"
          >
            Entrar
          </button>
        </fieldset>
      </form>
    </main>
  </div>
</DocumentFragment>
`;
