// Jest Snapshot v1, https://goo.gl/fbAQLP

exports[`<StatementCard /> renders correctly 1`] = `
<DocumentFragment>
  <li
    class="transactions__item"
    data-testid="1"
  >
    <div>
      <h2
        class="transactions__title"
      >
        Facebook Inc.
      </h2>
    </div>
    <div
      class="transactions__info"
    >
      <span
        class="transactions__value transactions__value--debit"
      >
        R$ 39.80
      </span>
      <span
        class="transactions__date"
      >
        <time
          datetime="1589978431000"
        >
          20/05/2020
        </time>
      </span>
    </div>
  </li>
</DocumentFragment>
`;
